<?xml version="1.0"?>
<link_info>
   <banner>MSP430 Linker PC v4.3.3</banner>
   <copyright>Copyright (c) 2003-2014 Texas Instruments Incorporated</copyright>
   <link_time>0x565feaf5</link_time>
   <link_errors>0x0</link_errors>
   <output_file>countdown_timer.out</output_file>
   <entry_point>
      <name>_c_int00</name>
      <address>0x98f0</address>
   </entry_point>
   <input_file_list>
      <input_file id="fl-2">
         <path>.\</path>
         <kind>object</kind>
         <file>acceleration.obj</file>
         <name>acceleration.obj</name>
      </input_file>
      <input_file id="fl-3">
         <path>.\</path>
         <kind>object</kind>
         <file>as.obj</file>
         <name>as.obj</name>
      </input_file>
      <input_file id="fl-4">
         <path>.\</path>
         <kind>object</kind>
         <file>bmp_as.obj</file>
         <name>bmp_as.obj</name>
      </input_file>
      <input_file id="fl-5">
         <path>.\</path>
         <kind>object</kind>
         <file>display.obj</file>
         <name>display.obj</name>
      </input_file>
      <input_file id="fl-6">
         <path>.\</path>
         <kind>object</kind>
         <file>main.obj</file>
         <name>main.obj</name>
      </input_file>
      <input_file id="fl-7">
         <path>.\</path>
         <kind>object</kind>
         <file>temperature.obj</file>
         <name>temperature.obj</name>
      </input_file>
      <input_file id="fl-36">
         <path>c:\ti\ccsv6\tools\compiler\msp430_4.3.3\lib\</path>
         <kind>archive</kind>
         <file>rts430x_lc_sd_eabi.lib</file>
         <name>addd.obj</name>
      </input_file>
      <input_file id="fl-37">
         <path>c:\ti\ccsv6\tools\compiler\msp430_4.3.3\lib\</path>
         <kind>archive</kind>
         <file>rts430x_lc_sd_eabi.lib</file>
         <name>boot.obj</name>
      </input_file>
      <input_file id="fl-38">
         <path>c:\ti\ccsv6\tools\compiler\msp430_4.3.3\lib\</path>
         <kind>archive</kind>
         <file>rts430x_lc_sd_eabi.lib</file>
         <name>copy_decompress_none.obj</name>
      </input_file>
      <input_file id="fl-39">
         <path>c:\ti\ccsv6\tools\compiler\msp430_4.3.3\lib\</path>
         <kind>archive</kind>
         <file>rts430x_lc_sd_eabi.lib</file>
         <name>copy_decompress_rle.obj</name>
      </input_file>
      <input_file id="fl-3a">
         <path>c:\ti\ccsv6\tools\compiler\msp430_4.3.3\lib\</path>
         <kind>archive</kind>
         <file>rts430x_lc_sd_eabi.lib</file>
         <name>copy_zero_init.obj</name>
      </input_file>
      <input_file id="fl-3b">
         <path>c:\ti\ccsv6\tools\compiler\msp430_4.3.3\lib\</path>
         <kind>archive</kind>
         <file>rts430x_lc_sd_eabi.lib</file>
         <name>cpy_util.obj</name>
      </input_file>
      <input_file id="fl-3c">
         <path>c:\ti\ccsv6\tools\compiler\msp430_4.3.3\lib\</path>
         <kind>archive</kind>
         <file>rts430x_lc_sd_eabi.lib</file>
         <name>div16s.obj</name>
      </input_file>
      <input_file id="fl-3d">
         <path>c:\ti\ccsv6\tools\compiler\msp430_4.3.3\lib\</path>
         <kind>archive</kind>
         <file>rts430x_lc_sd_eabi.lib</file>
         <name>div16u.obj</name>
      </input_file>
      <input_file id="fl-3e">
         <path>c:\ti\ccsv6\tools\compiler\msp430_4.3.3\lib\</path>
         <kind>archive</kind>
         <file>rts430x_lc_sd_eabi.lib</file>
         <name>exit.obj</name>
      </input_file>
      <input_file id="fl-3f">
         <path>c:\ti\ccsv6\tools\compiler\msp430_4.3.3\lib\</path>
         <kind>archive</kind>
         <file>rts430x_lc_sd_eabi.lib</file>
         <name>fixdu.obj</name>
      </input_file>
      <input_file id="fl-40">
         <path>c:\ti\ccsv6\tools\compiler\msp430_4.3.3\lib\</path>
         <kind>archive</kind>
         <file>rts430x_lc_sd_eabi.lib</file>
         <name>fixdul.obj</name>
      </input_file>
      <input_file id="fl-41">
         <path>c:\ti\ccsv6\tools\compiler\msp430_4.3.3\lib\</path>
         <kind>archive</kind>
         <file>rts430x_lc_sd_eabi.lib</file>
         <name>fltud.obj</name>
      </input_file>
      <input_file id="fl-42">
         <path>c:\ti\ccsv6\tools\compiler\msp430_4.3.3\lib\</path>
         <kind>archive</kind>
         <file>rts430x_lc_sd_eabi.lib</file>
         <name>fltuld.obj</name>
      </input_file>
      <input_file id="fl-43">
         <path>c:\ti\ccsv6\tools\compiler\msp430_4.3.3\lib\</path>
         <kind>archive</kind>
         <file>rts430x_lc_sd_eabi.lib</file>
         <name>frcaddd.obj</name>
      </input_file>
      <input_file id="fl-44">
         <path>c:\ti\ccsv6\tools\compiler\msp430_4.3.3\lib\</path>
         <kind>archive</kind>
         <file>rts430x_lc_sd_eabi.lib</file>
         <name>fs_add.obj</name>
      </input_file>
      <input_file id="fl-45">
         <path>c:\ti\ccsv6\tools\compiler\msp430_4.3.3\lib\</path>
         <kind>archive</kind>
         <file>rts430x_lc_sd_eabi.lib</file>
         <name>fs_cmp.obj</name>
      </input_file>
      <input_file id="fl-46">
         <path>c:\ti\ccsv6\tools\compiler\msp430_4.3.3\lib\</path>
         <kind>archive</kind>
         <file>rts430x_lc_sd_eabi.lib</file>
         <name>fs_div.obj</name>
      </input_file>
      <input_file id="fl-47">
         <path>c:\ti\ccsv6\tools\compiler\msp430_4.3.3\lib\</path>
         <kind>archive</kind>
         <file>rts430x_lc_sd_eabi.lib</file>
         <name>fs_ltof.obj</name>
      </input_file>
      <input_file id="fl-48">
         <path>c:\ti\ccsv6\tools\compiler\msp430_4.3.3\lib\</path>
         <kind>archive</kind>
         <file>rts430x_lc_sd_eabi.lib</file>
         <name>fs_mpy.obj</name>
      </input_file>
      <input_file id="fl-49">
         <path>c:\ti\ccsv6\tools\compiler\msp430_4.3.3\lib\</path>
         <kind>archive</kind>
         <file>rts430x_lc_sd_eabi.lib</file>
         <name>fs_toi.obj</name>
      </input_file>
      <input_file id="fl-4a">
         <path>c:\ti\ccsv6\tools\compiler\msp430_4.3.3\lib\</path>
         <kind>archive</kind>
         <file>rts430x_lc_sd_eabi.lib</file>
         <name>fs_utof.obj</name>
      </input_file>
      <input_file id="fl-4b">
         <path>c:\ti\ccsv6\tools\compiler\msp430_4.3.3\lib\</path>
         <kind>archive</kind>
         <file>rts430x_lc_sd_eabi.lib</file>
         <name>int45.obj</name>
      </input_file>
      <input_file id="fl-4c">
         <path>c:\ti\ccsv6\tools\compiler\msp430_4.3.3\lib\</path>
         <kind>archive</kind>
         <file>rts430x_lc_sd_eabi.lib</file>
         <name>int46.obj</name>
      </input_file>
      <input_file id="fl-4d">
         <path>c:\ti\ccsv6\tools\compiler\msp430_4.3.3\lib\</path>
         <kind>archive</kind>
         <file>rts430x_lc_sd_eabi.lib</file>
         <name>int47.obj</name>
      </input_file>
      <input_file id="fl-4e">
         <path>c:\ti\ccsv6\tools\compiler\msp430_4.3.3\lib\</path>
         <kind>archive</kind>
         <file>rts430x_lc_sd_eabi.lib</file>
         <name>int49.obj</name>
      </input_file>
      <input_file id="fl-4f">
         <path>c:\ti\ccsv6\tools\compiler\msp430_4.3.3\lib\</path>
         <kind>archive</kind>
         <file>rts430x_lc_sd_eabi.lib</file>
         <name>int50.obj</name>
      </input_file>
      <input_file id="fl-50">
         <path>c:\ti\ccsv6\tools\compiler\msp430_4.3.3\lib\</path>
         <kind>archive</kind>
         <file>rts430x_lc_sd_eabi.lib</file>
         <name>int51.obj</name>
      </input_file>
      <input_file id="fl-51">
         <path>c:\ti\ccsv6\tools\compiler\msp430_4.3.3\lib\</path>
         <kind>archive</kind>
         <file>rts430x_lc_sd_eabi.lib</file>
         <name>int52.obj</name>
      </input_file>
      <input_file id="fl-52">
         <path>c:\ti\ccsv6\tools\compiler\msp430_4.3.3\lib\</path>
         <kind>archive</kind>
         <file>rts430x_lc_sd_eabi.lib</file>
         <name>int53.obj</name>
      </input_file>
      <input_file id="fl-53">
         <path>c:\ti\ccsv6\tools\compiler\msp430_4.3.3\lib\</path>
         <kind>archive</kind>
         <file>rts430x_lc_sd_eabi.lib</file>
         <name>int54.obj</name>
      </input_file>
      <input_file id="fl-54">
         <path>c:\ti\ccsv6\tools\compiler\msp430_4.3.3\lib\</path>
         <kind>archive</kind>
         <file>rts430x_lc_sd_eabi.lib</file>
         <name>int57.obj</name>
      </input_file>
      <input_file id="fl-55">
         <path>c:\ti\ccsv6\tools\compiler\msp430_4.3.3\lib\</path>
         <kind>archive</kind>
         <file>rts430x_lc_sd_eabi.lib</file>
         <name>int58.obj</name>
      </input_file>
      <input_file id="fl-56">
         <path>c:\ti\ccsv6\tools\compiler\msp430_4.3.3\lib\</path>
         <kind>archive</kind>
         <file>rts430x_lc_sd_eabi.lib</file>
         <name>int59.obj</name>
      </input_file>
      <input_file id="fl-57">
         <path>c:\ti\ccsv6\tools\compiler\msp430_4.3.3\lib\</path>
         <kind>archive</kind>
         <file>rts430x_lc_sd_eabi.lib</file>
         <name>int60.obj</name>
      </input_file>
      <input_file id="fl-58">
         <path>c:\ti\ccsv6\tools\compiler\msp430_4.3.3\lib\</path>
         <kind>archive</kind>
         <file>rts430x_lc_sd_eabi.lib</file>
         <name>int61.obj</name>
      </input_file>
      <input_file id="fl-59">
         <path>c:\ti\ccsv6\tools\compiler\msp430_4.3.3\lib\</path>
         <kind>archive</kind>
         <file>rts430x_lc_sd_eabi.lib</file>
         <name>int62.obj</name>
      </input_file>
      <input_file id="fl-5a">
         <path>c:\ti\ccsv6\tools\compiler\msp430_4.3.3\lib\</path>
         <kind>archive</kind>
         <file>rts430x_lc_sd_eabi.lib</file>
         <name>isr_trap.obj</name>
      </input_file>
      <input_file id="fl-5b">
         <path>c:\ti\ccsv6\tools\compiler\msp430_4.3.3\lib\</path>
         <kind>archive</kind>
         <file>rts430x_lc_sd_eabi.lib</file>
         <name>lsl32.obj</name>
      </input_file>
      <input_file id="fl-5c">
         <path>c:\ti\ccsv6\tools\compiler\msp430_4.3.3\lib\</path>
         <kind>archive</kind>
         <file>rts430x_lc_sd_eabi.lib</file>
         <name>lsr32.obj</name>
      </input_file>
      <input_file id="fl-5d">
         <path>c:\ti\ccsv6\tools\compiler\msp430_4.3.3\lib\</path>
         <kind>archive</kind>
         <file>rts430x_lc_sd_eabi.lib</file>
         <name>mpu_init.obj</name>
      </input_file>
      <input_file id="fl-5e">
         <path>c:\ti\ccsv6\tools\compiler\msp430_4.3.3\lib\</path>
         <kind>archive</kind>
         <file>rts430x_lc_sd_eabi.lib</file>
         <name>mpyd.obj</name>
      </input_file>
      <input_file id="fl-5f">
         <path>c:\ti\ccsv6\tools\compiler\msp430_4.3.3\lib\</path>
         <kind>archive</kind>
         <file>rts430x_lc_sd_eabi.lib</file>
         <name>mult16_f5hw.obj</name>
      </input_file>
      <input_file id="fl-60">
         <path>c:\ti\ccsv6\tools\compiler\msp430_4.3.3\lib\</path>
         <kind>archive</kind>
         <file>rts430x_lc_sd_eabi.lib</file>
         <name>mult32_f5hw.obj</name>
      </input_file>
      <input_file id="fl-61">
         <path>c:\ti\ccsv6\tools\compiler\msp430_4.3.3\lib\</path>
         <kind>archive</kind>
         <file>rts430x_lc_sd_eabi.lib</file>
         <name>pre_init.obj</name>
      </input_file>
      <input_file id="fl-62">
         <path>c:\ti\ccsv6\tools\compiler\msp430_4.3.3\lib\</path>
         <kind>archive</kind>
         <file>rts430x_lc_sd_eabi.lib</file>
         <name>renormd.obj</name>
      </input_file>
      <input_file id="fl-63">
         <path>c:\ti\ccsv6\tools\compiler\msp430_4.3.3\lib\</path>
         <kind>archive</kind>
         <file>rts430x_lc_sd_eabi.lib</file>
         <name>_lock.obj</name>
      </input_file>
      <input_file id="fl-64">
         <path>c:\ti\ccsv6\tools\compiler\msp430_4.3.3\lib\</path>
         <kind>archive</kind>
         <file>rts430x_lc_sd_eabi.lib</file>
         <name>args_main.obj</name>
      </input_file>
      <input_file id="fl-65">
         <path>c:\ti\ccsv6\tools\compiler\msp430_4.3.3\lib\</path>
         <kind>archive</kind>
         <file>rts430x_lc_sd_eabi.lib</file>
         <name>asr32.obj</name>
      </input_file>
      <input_file id="fl-66">
         <path>c:\ti\ccsv6\tools\compiler\msp430_4.3.3\lib\</path>
         <kind>archive</kind>
         <file>rts430x_lc_sd_eabi.lib</file>
         <name>autoinit.obj</name>
      </input_file>
      <input_file id="fl-67">
         <path>c:\ti\ccsv6\tools\compiler\msp430_4.3.3\lib\</path>
         <kind>archive</kind>
         <file>rts430x_lc_sd_eabi.lib</file>
         <name>frcmpyd.obj</name>
      </input_file>
   </input_file_list>
   <object_component_list>
      <object_component id="oc-8e">
         <name>.stack</name>
         <uninitialized>true</uninitialized>
         <run_address>0x2bac</run_address>
         <size>0x2</size>
         <input_file_ref idref="fl-37"/>
      </object_component>
      <object_component id="oc-343">
         <name>.stack</name>
         <uninitialized>true</uninitialized>
         <run_address>0x2bac</run_address>
         <size>0x0</size>
      </object_component>
      <object_component id="oc-263">
         <name>.text:__TI_frcmpyd</name>
         <load_address>0x8000</load_address>
         <run_address>0x8000</run_address>
         <size>0x2e4</size>
         <input_file_ref idref="fl-67"/>
      </object_component>
      <object_component id="oc-218">
         <name>.text:__mspabi_addd</name>
         <load_address>0x82e4</load_address>
         <run_address>0x82e4</run_address>
         <size>0x2d6</size>
         <input_file_ref idref="fl-36"/>
      </object_component>
      <object_component id="oc-211">
         <name>.text:__mspabi_mpyd</name>
         <load_address>0x85ba</load_address>
         <run_address>0x85ba</run_address>
         <size>0x280</size>
         <input_file_ref idref="fl-5e"/>
      </object_component>
      <object_component id="oc-270">
         <name>.text:__TI_frcaddd</name>
         <load_address>0x883a</load_address>
         <run_address>0x883a</run_address>
         <size>0x252</size>
         <input_file_ref idref="fl-43"/>
      </object_component>
      <object_component id="oc-193">
         <name>.text</name>
         <load_address>0x8a8c</load_address>
         <run_address>0x8a8c</run_address>
         <size>0x130</size>
         <input_file_ref idref="fl-44"/>
      </object_component>
      <object_component id="oc-117">
         <name>.text:temperatureFunction</name>
         <load_address>0x8bbc</load_address>
         <run_address>0x8bbc</run_address>
         <size>0xfe</size>
         <input_file_ref idref="fl-7"/>
      </object_component>
      <object_component id="oc-d5">
         <name>.text:__TI_decompress_rle_core</name>
         <load_address>0x8cba</load_address>
         <run_address>0x8cba</run_address>
         <size>0xd8</size>
         <input_file_ref idref="fl-39"/>
      </object_component>
      <object_component id="oc-b6">
         <name>.text:_isr:TIMER0_A0_ISR</name>
         <load_address>0x8d92</load_address>
         <run_address>0x8d92</run_address>
         <size>0xce</size>
         <input_file_ref idref="fl-6"/>
      </object_component>
      <object_component id="oc-1d8">
         <name>.text:display_acceleration</name>
         <load_address>0x8e60</load_address>
         <run_address>0x8e60</run_address>
         <size>0xcc</size>
         <input_file_ref idref="fl-2"/>
      </object_component>
      <object_component id="oc-1a7">
         <name>.text</name>
         <load_address>0x8f2c</load_address>
         <run_address>0x8f2c</run_address>
         <size>0xb6</size>
         <input_file_ref idref="fl-48"/>
      </object_component>
      <object_component id="oc-2b3">
         <name>.text:__TI_renormd</name>
         <load_address>0x8fe2</load_address>
         <run_address>0x8fe2</run_address>
         <size>0xb2</size>
         <input_file_ref idref="fl-62"/>
      </object_component>
      <object_component id="oc-18e">
         <name>.text</name>
         <load_address>0x9094</load_address>
         <run_address>0x9094</run_address>
         <size>0x8e</size>
         <input_file_ref idref="fl-46"/>
      </object_component>
      <object_component id="oc-a3">
         <name>.text:_auto_init_hold_wdt</name>
         <load_address>0x9122</load_address>
         <run_address>0x9122</run_address>
         <size>0x84</size>
         <input_file_ref idref="fl-66"/>
      </object_component>
      <object_component id="oc-25b">
         <name>.text:__mspabi_fltuld</name>
         <load_address>0x91a6</load_address>
         <run_address>0x91a6</run_address>
         <size>0x76</size>
         <input_file_ref idref="fl-42"/>
      </object_component>
      <object_component id="oc-278">
         <name>.text:__mspabi_fixdul</name>
         <load_address>0x921c</load_address>
         <run_address>0x921c</run_address>
         <size>0x68</size>
         <input_file_ref idref="fl-40"/>
      </object_component>
      <object_component id="oc-281">
         <name>.text:as_read_register</name>
         <load_address>0x9284</load_address>
         <run_address>0x9284</run_address>
         <size>0x68</size>
         <input_file_ref idref="fl-3"/>
      </object_component>
      <object_component id="oc-28b">
         <name>.text:as_write_register</name>
         <load_address>0x92ec</load_address>
         <run_address>0x92ec</run_address>
         <size>0x68</size>
         <input_file_ref idref="fl-3"/>
      </object_component>
      <object_component id="oc-19c">
         <name>.text</name>
         <load_address>0x9354</load_address>
         <run_address>0x9354</run_address>
         <size>0x68</size>
         <input_file_ref idref="fl-49"/>
      </object_component>
      <object_component id="oc-1fb">
         <name>.text:bmp_as_start</name>
         <load_address>0x93bc</load_address>
         <run_address>0x93bc</run_address>
         <size>0x64</size>
         <input_file_ref idref="fl-4"/>
      </object_component>
      <object_component id="oc-11d">
         <name>.text:displaySuitText</name>
         <load_address>0x9420</load_address>
         <run_address>0x9420</run_address>
         <size>0x4e</size>
         <input_file_ref idref="fl-5"/>
      </object_component>
      <object_component id="oc-205">
         <name>.text:convert_acceleration_value_to_mgrav</name>
         <load_address>0x946e</load_address>
         <run_address>0x946e</run_address>
         <size>0x4c</size>
         <input_file_ref idref="fl-2"/>
      </object_component>
      <object_component id="oc-129">
         <name>.text</name>
         <load_address>0x94ba</load_address>
         <run_address>0x94ba</run_address>
         <size>0x4a</size>
         <input_file_ref idref="fl-45"/>
      </object_component>
      <object_component id="oc-184">
         <name>.text</name>
         <load_address>0x9504</load_address>
         <run_address>0x9504</run_address>
         <size>0x4a</size>
         <input_file_ref idref="fl-47"/>
      </object_component>
      <object_component id="oc-23b">
         <name>.text:as_start</name>
         <load_address>0x954e</load_address>
         <run_address>0x954e</run_address>
         <size>0x42</size>
         <input_file_ref idref="fl-3"/>
      </object_component>
      <object_component id="oc-c2">
         <name>.text:__memcpy_far</name>
         <load_address>0x9590</load_address>
         <run_address>0x9590</run_address>
         <size>0x40</size>
         <input_file_ref idref="fl-3b"/>
      </object_component>
      <object_component id="oc-82">
         <name>.text:decompress:ZI:__TI_zero_init</name>
         <load_address>0x95d0</load_address>
         <run_address>0x95d0</run_address>
         <size>0x3e</size>
         <input_file_ref idref="fl-3a"/>
      </object_component>
      <object_component id="oc-2a5">
         <name>.text:l_asr_const</name>
         <load_address>0x960e</load_address>
         <run_address>0x960e</run_address>
         <size>0x3e</size>
         <input_file_ref idref="fl-65"/>
      </object_component>
      <object_component id="oc-297">
         <name>.text:l_lsl_const</name>
         <load_address>0x964c</load_address>
         <run_address>0x964c</run_address>
         <size>0x3e</size>
         <input_file_ref idref="fl-5b"/>
      </object_component>
      <object_component id="oc-29c">
         <name>.text:l_lsr_const</name>
         <load_address>0x968a</load_address>
         <run_address>0x968a</run_address>
         <size>0x3e</size>
         <input_file_ref idref="fl-5c"/>
      </object_component>
      <object_component id="oc-7c">
         <name>.text:decompress:none:__TI_decompress_none</name>
         <load_address>0x96c8</load_address>
         <run_address>0x96c8</run_address>
         <size>0x3c</size>
         <input_file_ref idref="fl-38"/>
      </object_component>
      <object_component id="oc-13b">
         <name>.text:buzzeralert</name>
         <load_address>0x9704</load_address>
         <run_address>0x9704</run_address>
         <size>0x34</size>
         <input_file_ref idref="fl-6"/>
      </object_component>
      <object_component id="oc-15a">
         <name>.text:clearScreen</name>
         <load_address>0x9738</load_address>
         <run_address>0x9738</run_address>
         <size>0x32</size>
         <input_file_ref idref="fl-5"/>
      </object_component>
      <object_component id="oc-fd">
         <name>.text:as_init</name>
         <load_address>0x976a</load_address>
         <run_address>0x976a</run_address>
         <size>0x2e</size>
         <input_file_ref idref="fl-3"/>
      </object_component>
      <object_component id="oc-111">
         <name>.text:accCount</name>
         <load_address>0x9798</load_address>
         <run_address>0x9798</run_address>
         <size>0x2c</size>
         <input_file_ref idref="fl-6"/>
      </object_component>
      <object_component id="oc-a9">
         <name>.text:main</name>
         <load_address>0x97c4</load_address>
         <run_address>0x97c4</run_address>
         <size>0x2c</size>
         <input_file_ref idref="fl-6"/>
      </object_component>
      <object_component id="oc-141">
         <name>.text</name>
         <load_address>0x97f0</load_address>
         <run_address>0x97f0</run_address>
         <size>0x2c</size>
         <input_file_ref idref="fl-3c"/>
      </object_component>
      <object_component id="oc-f7">
         <name>.text:displayFunction</name>
         <load_address>0x981c</load_address>
         <run_address>0x981c</run_address>
         <size>0x2a</size>
         <input_file_ref idref="fl-5"/>
      </object_component>
      <object_component id="oc-1ec">
         <name>.text:bmp_as_get_data</name>
         <load_address>0x9846</load_address>
         <run_address>0x9846</run_address>
         <size>0x24</size>
         <input_file_ref idref="fl-4"/>
      </object_component>
      <object_component id="oc-1b0">
         <name>.text:displayTemperature</name>
         <load_address>0x986a</load_address>
         <run_address>0x986a</run_address>
         <size>0x24</size>
         <input_file_ref idref="fl-5"/>
      </object_component>
      <object_component id="oc-189">
         <name>.text</name>
         <load_address>0x988e</load_address>
         <run_address>0x988e</run_address>
         <size>0x24</size>
         <input_file_ref idref="fl-4a"/>
      </object_component>
      <object_component id="oc-17f">
         <name>.text</name>
         <load_address>0x98b2</load_address>
         <run_address>0x98b2</run_address>
         <size>0x22</size>
         <input_file_ref idref="fl-60"/>
      </object_component>
      <object_component id="oc-ed">
         <name>.text:buzzerstop</name>
         <load_address>0x98d4</load_address>
         <run_address>0x98d4</run_address>
         <size>0x1c</size>
         <input_file_ref idref="fl-6"/>
      </object_component>
      <object_component id="oc-69">
         <name>.text:_isr:_c_int00_noexit</name>
         <load_address>0x98f0</load_address>
         <run_address>0x98f0</run_address>
         <size>0x1a</size>
         <input_file_ref idref="fl-37"/>
      </object_component>
      <object_component id="oc-135">
         <name>.text:displayTimer</name>
         <load_address>0x990a</load_address>
         <run_address>0x990a</run_address>
         <size>0x1a</size>
         <input_file_ref idref="fl-5"/>
      </object_component>
      <object_component id="oc-109">
         <name>.text:timercountdown</name>
         <load_address>0x9924</load_address>
         <run_address>0x9924</run_address>
         <size>0x1a</size>
         <input_file_ref idref="fl-6"/>
      </object_component>
      <object_component id="oc-97">
         <name>.text:_isr:pushbutton_ISR</name>
         <load_address>0x993e</load_address>
         <run_address>0x993e</run_address>
         <size>0x18</size>
         <input_file_ref idref="fl-6"/>
      </object_component>
      <object_component id="oc-bc">
         <name>.text:_isr:ADC12ISR</name>
         <load_address>0x9956</load_address>
         <run_address>0x9956</run_address>
         <size>0x16</size>
         <input_file_ref idref="fl-7"/>
      </object_component>
      <object_component id="oc-1c7">
         <name>.text</name>
         <load_address>0x996c</load_address>
         <run_address>0x996c</run_address>
         <size>0x16</size>
         <input_file_ref idref="fl-3d"/>
      </object_component>
      <object_component id="oc-255">
         <name>.text</name>
         <load_address>0x9982</load_address>
         <run_address>0x9982</run_address>
         <size>0x16</size>
         <input_file_ref idref="fl-5f"/>
      </object_component>
      <object_component id="oc-21e">
         <name>.text:__mspabi_fixdu</name>
         <load_address>0x9998</load_address>
         <run_address>0x9998</run_address>
         <size>0x12</size>
         <input_file_ref idref="fl-3f"/>
      </object_component>
      <object_component id="oc-1f4">
         <name>.text:is_acceleration_measurement</name>
         <load_address>0x99aa</load_address>
         <run_address>0x99aa</run_address>
         <size>0x12</size>
         <input_file_ref idref="fl-2"/>
      </object_component>
      <object_component id="oc-103">
         <name>.text:reset_acceleration</name>
         <load_address>0x99bc</load_address>
         <run_address>0x99bc</run_address>
         <size>0x12</size>
         <input_file_ref idref="fl-2"/>
      </object_component>
      <object_component id="oc-2ae">
         <name>.text:l_asr</name>
         <load_address>0x99ce</load_address>
         <run_address>0x99ce</run_address>
         <size>0x10</size>
         <input_file_ref idref="fl-65"/>
      </object_component>
      <object_component id="oc-248">
         <name>.text:l_lsl</name>
         <load_address>0x99de</load_address>
         <run_address>0x99de</run_address>
         <size>0x10</size>
         <input_file_ref idref="fl-5b"/>
      </object_component>
      <object_component id="oc-24d">
         <name>.text:l_lsr</name>
         <load_address>0x99ee</load_address>
         <run_address>0x99ee</run_address>
         <size>0x10</size>
         <input_file_ref idref="fl-5c"/>
      </object_component>
      <object_component id="oc-226">
         <name>.text:acceleration_value_is_positive</name>
         <load_address>0x99fe</load_address>
         <run_address>0x99fe</run_address>
         <size>0xe</size>
         <input_file_ref idref="fl-2"/>
      </object_component>
      <object_component id="oc-88">
         <name>.text:decompress:rle24:__TI_decompress_rle24</name>
         <load_address>0x9a0c</load_address>
         <run_address>0x9a0c</run_address>
         <size>0xe</size>
         <input_file_ref idref="fl-39"/>
      </object_component>
      <object_component id="oc-175">
         <name>.text:accelFunc</name>
         <load_address>0x9a1a</load_address>
         <run_address>0x9a1a</run_address>
         <size>0xa</size>
         <input_file_ref idref="fl-2"/>
      </object_component>
      <object_component id="oc-230">
         <name>.text:bmp_as_read_register</name>
         <load_address>0x9a24</load_address>
         <run_address>0x9a24</run_address>
         <size>0xa</size>
         <input_file_ref idref="fl-4"/>
      </object_component>
      <object_component id="oc-1d2">
         <name>.text:do_acceleration_measurement</name>
         <load_address>0x9a2e</load_address>
         <run_address>0x9a2e</run_address>
         <size>0xa</size>
         <input_file_ref idref="fl-2"/>
      </object_component>
      <object_component id="oc-92">
         <name>.text:__TI_ISR_TRAP</name>
         <load_address>0x9a38</load_address>
         <run_address>0x9a38</run_address>
         <size>0x6</size>
         <input_file_ref idref="fl-5a"/>
      </object_component>
      <object_component id="oc-20b">
         <name>.text:__mspabi_fltud</name>
         <load_address>0x9a3e</load_address>
         <run_address>0x9a3e</run_address>
         <size>0x6</size>
         <input_file_ref idref="fl-41"/>
      </object_component>
      <object_component id="oc-241">
         <name>.text:bmp_as_write_register</name>
         <load_address>0x9a44</load_address>
         <run_address>0x9a44</run_address>
         <size>0x6</size>
         <input_file_ref idref="fl-4"/>
      </object_component>
      <object_component id="oc-9d">
         <name>.text:_system_pre_init</name>
         <load_address>0x9a4a</load_address>
         <run_address>0x9a4a</run_address>
         <size>0x4</size>
         <input_file_ref idref="fl-61"/>
      </object_component>
      <object_component id="oc-af">
         <name>.text:abort</name>
         <load_address>0x9a4e</load_address>
         <run_address>0x9a4e</run_address>
         <size>0x4</size>
         <input_file_ref idref="fl-3e"/>
      </object_component>
      <object_component id="oc-342">
         <name>.cinit..data.load</name>
         <load_address>0x9a70</load_address>
         <run_address>0x9a70</run_address>
         <size>0x10</size>
      </object_component>
      <object_component id="oc-33f">
         <name>__TI_handler_table</name>
         <load_address>0x9a80</load_address>
         <run_address>0x9a80</run_address>
         <size>0xc</size>
      </object_component>
      <object_component id="oc-341">
         <name>.cinit..bss.load</name>
         <load_address>0x9a8c</load_address>
         <run_address>0x9a8c</run_address>
         <size>0x6</size>
      </object_component>
      <object_component id="oc-340">
         <name>__TI_cinit_table</name>
         <load_address>0x9a92</load_address>
         <run_address>0x9a92</run_address>
         <size>0x10</size>
      </object_component>
      <object_component id="oc-1c2">
         <name>.const:.string:LCD_Char_Map</name>
         <load_address>0x9a52</load_address>
         <run_address>0x9a52</run_address>
         <size>0xf</size>
         <input_file_ref idref="fl-5"/>
      </object_component>
      <object_component id="oc-252">
         <name>.const:bmp_mgrav_per_bit</name>
         <load_address>0x9a62</load_address>
         <run_address>0x9a62</run_address>
         <size>0xe</size>
         <input_file_ref idref="fl-2"/>
      </object_component>
      <object_component id="oc-64">
         <name>.int45</name>
         <load_address>0xffda</load_address>
         <run_address>0xffda</run_address>
         <size>0x2</size>
         <input_file_ref idref="fl-4b"/>
      </object_component>
      <object_component id="oc-65">
         <name>.int46</name>
         <load_address>0xffdc</load_address>
         <run_address>0xffdc</run_address>
         <size>0x2</size>
         <input_file_ref idref="fl-4c"/>
      </object_component>
      <object_component id="oc-66">
         <name>.int47</name>
         <load_address>0xffde</load_address>
         <run_address>0xffde</run_address>
         <size>0x2</size>
         <input_file_ref idref="fl-4d"/>
      </object_component>
      <object_component id="oc-67">
         <name>.int48</name>
         <load_address>0xffe0</load_address>
         <run_address>0xffe0</run_address>
         <size>0x2</size>
         <input_file_ref idref="fl-6"/>
      </object_component>
      <object_component id="oc-68">
         <name>.int49</name>
         <load_address>0xffe2</load_address>
         <run_address>0xffe2</run_address>
         <size>0x2</size>
         <input_file_ref idref="fl-4e"/>
      </object_component>
      <object_component id="oc-6f">
         <name>.int50</name>
         <load_address>0xffe4</load_address>
         <run_address>0xffe4</run_address>
         <size>0x2</size>
         <input_file_ref idref="fl-4f"/>
      </object_component>
      <object_component id="oc-70">
         <name>.int51</name>
         <load_address>0xffe6</load_address>
         <run_address>0xffe6</run_address>
         <size>0x2</size>
         <input_file_ref idref="fl-50"/>
      </object_component>
      <object_component id="oc-71">
         <name>.int52</name>
         <load_address>0xffe8</load_address>
         <run_address>0xffe8</run_address>
         <size>0x2</size>
         <input_file_ref idref="fl-51"/>
      </object_component>
      <object_component id="oc-72">
         <name>.int53</name>
         <load_address>0xffea</load_address>
         <run_address>0xffea</run_address>
         <size>0x2</size>
         <input_file_ref idref="fl-52"/>
      </object_component>
      <object_component id="oc-73">
         <name>.int54</name>
         <load_address>0xffec</load_address>
         <run_address>0xffec</run_address>
         <size>0x2</size>
         <input_file_ref idref="fl-53"/>
      </object_component>
      <object_component id="oc-74">
         <name>.int55</name>
         <load_address>0xffee</load_address>
         <run_address>0xffee</run_address>
         <size>0x2</size>
         <input_file_ref idref="fl-6"/>
      </object_component>
      <object_component id="oc-75">
         <name>.int56</name>
         <load_address>0xfff0</load_address>
         <run_address>0xfff0</run_address>
         <size>0x2</size>
         <input_file_ref idref="fl-7"/>
      </object_component>
      <object_component id="oc-76">
         <name>.int57</name>
         <load_address>0xfff2</load_address>
         <run_address>0xfff2</run_address>
         <size>0x2</size>
         <input_file_ref idref="fl-54"/>
      </object_component>
      <object_component id="oc-77">
         <name>.int58</name>
         <load_address>0xfff4</load_address>
         <run_address>0xfff4</run_address>
         <size>0x2</size>
         <input_file_ref idref="fl-55"/>
      </object_component>
      <object_component id="oc-78">
         <name>.int59</name>
         <load_address>0xfff6</load_address>
         <run_address>0xfff6</run_address>
         <size>0x2</size>
         <input_file_ref idref="fl-56"/>
      </object_component>
      <object_component id="oc-79">
         <name>.int60</name>
         <load_address>0xfff8</load_address>
         <run_address>0xfff8</run_address>
         <size>0x2</size>
         <input_file_ref idref="fl-57"/>
      </object_component>
      <object_component id="oc-7a">
         <name>.int61</name>
         <load_address>0xfffa</load_address>
         <run_address>0xfffa</run_address>
         <size>0x2</size>
         <input_file_ref idref="fl-58"/>
      </object_component>
      <object_component id="oc-7b">
         <name>.int62</name>
         <load_address>0xfffc</load_address>
         <run_address>0xfffc</run_address>
         <size>0x2</size>
         <input_file_ref idref="fl-59"/>
      </object_component>
      <object_component id="oc-91">
         <name>.reset</name>
         <load_address>0xfffe</load_address>
         <run_address>0xfffe</run_address>
         <size>0x2</size>
         <input_file_ref idref="fl-37"/>
      </object_component>
      <object_component id="oc-239">
         <name>.common:sAccel</name>
         <uninitialized>true</uninitialized>
         <run_address>0x1c00</run_address>
         <size>0xe</size>
      </object_component>
      <object_component id="oc-2c7">
         <name>.common:as_ok</name>
         <uninitialized>true</uninitialized>
         <run_address>0x1c1a</run_address>
         <size>0x1</size>
      </object_component>
      <object_component id="oc-17e">
         <name>.common:temp</name>
         <uninitialized>true</uninitialized>
         <run_address>0x1c16</run_address>
         <size>0x2</size>
      </object_component>
      <object_component id="oc-1a6">
         <name>.common:temperatureDegC</name>
         <uninitialized>true</uninitialized>
         <run_address>0x1c0e</run_address>
         <size>0x4</size>
      </object_component>
      <object_component id="oc-1ad">
         <name>.common:first</name>
         <uninitialized>true</uninitialized>
         <run_address>0x1c12</run_address>
         <size>0x2</size>
      </object_component>
      <object_component id="oc-1ae">
         <name>.common:second</name>
         <uninitialized>true</uninitialized>
         <run_address>0x1c14</run_address>
         <size>0x2</size>
      </object_component>
      <object_component id="oc-1af">
         <name>.common:third</name>
         <uninitialized>true</uninitialized>
         <run_address>0x1c18</run_address>
         <size>0x2</size>
      </object_component>
      <object_component id="oc-149">
         <name>.common:thousands</name>
         <uninitialized>true</uninitialized>
         <run_address>0x1c1e</run_address>
         <size>0x1</size>
      </object_component>
      <object_component id="oc-14a">
         <name>.common:hundreds</name>
         <uninitialized>true</uninitialized>
         <run_address>0x1c1b</run_address>
         <size>0x1</size>
      </object_component>
      <object_component id="oc-14b">
         <name>.common:tens</name>
         <uninitialized>true</uninitialized>
         <run_address>0x1c1d</run_address>
         <size>0x1</size>
      </object_component>
      <object_component id="oc-14c">
         <name>.common:ones</name>
         <uninitialized>true</uninitialized>
         <run_address>0x1c1c</run_address>
         <size>0x1</size>
      </object_component>
      <object_component id="oc-ea">
         <name>.data</name>
         <load_address>0x1c20</load_address>
         <run_address>0x1c20</run_address>
         <size>0xc</size>
         <input_file_ref idref="fl-6"/>
      </object_component>
      <object_component id="oc-6a">
         <name>.debug_info</name>
         <load_address>0x0</load_address>
         <run_address>0x0</run_address>
         <size>0x125</size>
         <input_file_ref idref="fl-37"/>
      </object_component>
      <object_component id="oc-7d">
         <name>.debug_info</name>
         <load_address>0x125</load_address>
         <run_address>0x125</run_address>
         <size>0x1b4</size>
         <input_file_ref idref="fl-38"/>
      </object_component>
      <object_component id="oc-83">
         <name>.debug_info</name>
         <load_address>0x2d9</load_address>
         <run_address>0x2d9</run_address>
         <size>0x183</size>
         <input_file_ref idref="fl-3a"/>
      </object_component>
      <object_component id="oc-8c">
         <name>.debug_info</name>
         <load_address>0x45c</load_address>
         <run_address>0x45c</run_address>
         <size>0x1a7</size>
         <input_file_ref idref="fl-39"/>
      </object_component>
      <object_component id="oc-8f">
         <name>.debug_info</name>
         <load_address>0x603</load_address>
         <run_address>0x603</run_address>
         <size>0xaa</size>
         <input_file_ref idref="fl-37"/>
      </object_component>
      <object_component id="oc-93">
         <name>.debug_info</name>
         <load_address>0x6ad</load_address>
         <run_address>0x6ad</run_address>
         <size>0xc2</size>
         <input_file_ref idref="fl-5a"/>
      </object_component>
      <object_component id="oc-9a">
         <name>.debug_info</name>
         <load_address>0x76f</load_address>
         <run_address>0x76f</run_address>
         <size>0x119</size>
         <input_file_ref idref="fl-6"/>
      </object_component>
      <object_component id="oc-9f">
         <name>.debug_info</name>
         <load_address>0x888</load_address>
         <run_address>0x888</run_address>
         <size>0xfd</size>
         <input_file_ref idref="fl-61"/>
      </object_component>
      <object_component id="oc-a6">
         <name>.debug_info</name>
         <load_address>0x985</load_address>
         <run_address>0x985</run_address>
         <size>0x1a4</size>
         <input_file_ref idref="fl-66"/>
      </object_component>
      <object_component id="oc-ac">
         <name>.debug_info</name>
         <load_address>0xb29</load_address>
         <run_address>0xb29</run_address>
         <size>0x149</size>
         <input_file_ref idref="fl-6"/>
      </object_component>
      <object_component id="oc-b1">
         <name>.debug_info</name>
         <load_address>0xc72</load_address>
         <run_address>0xc72</run_address>
         <size>0xcc</size>
         <input_file_ref idref="fl-3e"/>
      </object_component>
      <object_component id="oc-b8">
         <name>.debug_info</name>
         <load_address>0xd3e</load_address>
         <run_address>0xd3e</run_address>
         <size>0x1e1</size>
         <input_file_ref idref="fl-6"/>
      </object_component>
      <object_component id="oc-bf">
         <name>.debug_info</name>
         <load_address>0xf1f</load_address>
         <run_address>0xf1f</run_address>
         <size>0x111</size>
         <input_file_ref idref="fl-7"/>
      </object_component>
      <object_component id="oc-c3">
         <name>.debug_info</name>
         <load_address>0x1030</load_address>
         <run_address>0x1030</run_address>
         <size>0xcd</size>
         <input_file_ref idref="fl-3b"/>
      </object_component>
      <object_component id="oc-c8">
         <name>.debug_info</name>
         <load_address>0x10fd</load_address>
         <run_address>0x10fd</run_address>
         <size>0x46</size>
         <input_file_ref idref="fl-38"/>
      </object_component>
      <object_component id="oc-cd">
         <name>.debug_info</name>
         <load_address>0x1143</load_address>
         <run_address>0x1143</run_address>
         <size>0x184</size>
         <input_file_ref idref="fl-38"/>
      </object_component>
      <object_component id="oc-cf">
         <name>.debug_info</name>
         <load_address>0x12c7</load_address>
         <run_address>0x12c7</run_address>
         <size>0x46</size>
         <input_file_ref idref="fl-3a"/>
      </object_component>
      <object_component id="oc-d4">
         <name>.debug_info</name>
         <load_address>0x130d</load_address>
         <run_address>0x130d</run_address>
         <size>0x17f</size>
         <input_file_ref idref="fl-3a"/>
      </object_component>
      <object_component id="oc-d7">
         <name>.debug_info</name>
         <load_address>0x148c</load_address>
         <run_address>0x148c</run_address>
         <size>0x266</size>
         <input_file_ref idref="fl-39"/>
      </object_component>
      <object_component id="oc-dc">
         <name>.debug_info</name>
         <load_address>0x16f2</load_address>
         <run_address>0x16f2</run_address>
         <size>0x189</size>
         <input_file_ref idref="fl-39"/>
      </object_component>
      <object_component id="oc-dd">
         <name>.debug_info</name>
         <load_address>0x187b</load_address>
         <run_address>0x187b</run_address>
         <size>0x39</size>
         <input_file_ref idref="fl-39"/>
      </object_component>
      <object_component id="oc-e4">
         <name>.debug_info</name>
         <load_address>0x18b4</load_address>
         <run_address>0x18b4</run_address>
         <size>0x84</size>
         <input_file_ref idref="fl-2"/>
      </object_component>
      <object_component id="oc-eb">
         <name>.debug_info</name>
         <load_address>0x1938</load_address>
         <run_address>0x1938</run_address>
         <size>0x14c</size>
         <input_file_ref idref="fl-6"/>
      </object_component>
      <object_component id="oc-f0">
         <name>.debug_info</name>
         <load_address>0x1a84</load_address>
         <run_address>0x1a84</run_address>
         <size>0x126</size>
         <input_file_ref idref="fl-6"/>
      </object_component>
      <object_component id="oc-f6">
         <name>.debug_info</name>
         <load_address>0x1baa</load_address>
         <run_address>0x1baa</run_address>
         <size>0x2e0</size>
         <input_file_ref idref="fl-66"/>
      </object_component>
      <object_component id="oc-f9">
         <name>.debug_info</name>
         <load_address>0x1e8a</load_address>
         <run_address>0x1e8a</run_address>
         <size>0x112</size>
         <input_file_ref idref="fl-5"/>
      </object_component>
      <object_component id="oc-fe">
         <name>.debug_info</name>
         <load_address>0x1f9c</load_address>
         <run_address>0x1f9c</run_address>
         <size>0xf3</size>
         <input_file_ref idref="fl-3"/>
      </object_component>
      <object_component id="oc-104">
         <name>.debug_info</name>
         <load_address>0x208f</load_address>
         <run_address>0x208f</run_address>
         <size>0x127</size>
         <input_file_ref idref="fl-2"/>
      </object_component>
      <object_component id="oc-10c">
         <name>.debug_info</name>
         <load_address>0x21b6</load_address>
         <run_address>0x21b6</run_address>
         <size>0x107</size>
         <input_file_ref idref="fl-6"/>
      </object_component>
      <object_component id="oc-114">
         <name>.debug_info</name>
         <load_address>0x22bd</load_address>
         <run_address>0x22bd</run_address>
         <size>0x120</size>
         <input_file_ref idref="fl-6"/>
      </object_component>
      <object_component id="oc-11a">
         <name>.debug_info</name>
         <load_address>0x23dd</load_address>
         <run_address>0x23dd</run_address>
         <size>0x26d</size>
         <input_file_ref idref="fl-7"/>
      </object_component>
      <object_component id="oc-11f">
         <name>.debug_info</name>
         <load_address>0x264a</load_address>
         <run_address>0x264a</run_address>
         <size>0x146</size>
         <input_file_ref idref="fl-5"/>
      </object_component>
      <object_component id="oc-124">
         <name>.debug_info</name>
         <load_address>0x2790</load_address>
         <run_address>0x2790</run_address>
         <size>0x618</size>
         <input_file_ref idref="fl-6"/>
      </object_component>
      <object_component id="oc-126">
         <name>.debug_info</name>
         <load_address>0x2da8</load_address>
         <run_address>0x2da8</run_address>
         <size>0x44e</size>
         <input_file_ref idref="fl-7"/>
      </object_component>
      <object_component id="oc-12b">
         <name>.debug_info</name>
         <load_address>0x31f6</load_address>
         <run_address>0x31f6</run_address>
         <size>0xe0</size>
         <input_file_ref idref="fl-45"/>
      </object_component>
      <object_component id="oc-137">
         <name>.debug_info</name>
         <load_address>0x32d6</load_address>
         <run_address>0x32d6</run_address>
         <size>0x1b8</size>
         <input_file_ref idref="fl-5"/>
      </object_component>
      <object_component id="oc-13d">
         <name>.debug_info</name>
         <load_address>0x348e</load_address>
         <run_address>0x348e</run_address>
         <size>0x101</size>
         <input_file_ref idref="fl-6"/>
      </object_component>
      <object_component id="oc-143">
         <name>.debug_info</name>
         <load_address>0x358f</load_address>
         <run_address>0x358f</run_address>
         <size>0xe8</size>
         <input_file_ref idref="fl-3c"/>
      </object_component>
      <object_component id="oc-15c">
         <name>.debug_info</name>
         <load_address>0x3677</load_address>
         <run_address>0x3677</run_address>
         <size>0x10a</size>
         <input_file_ref idref="fl-5"/>
      </object_component>
      <object_component id="oc-163">
         <name>.debug_info</name>
         <load_address>0x3781</load_address>
         <run_address>0x3781</run_address>
         <size>0x39</size>
         <input_file_ref idref="fl-66"/>
      </object_component>
      <object_component id="oc-16a">
         <name>.debug_info</name>
         <load_address>0x37ba</load_address>
         <run_address>0x37ba</run_address>
         <size>0x2fc</size>
         <input_file_ref idref="fl-3"/>
      </object_component>
      <object_component id="oc-16e">
         <name>.debug_info</name>
         <load_address>0x3ab6</load_address>
         <run_address>0x3ab6</run_address>
         <size>0x22e</size>
         <input_file_ref idref="fl-2"/>
      </object_component>
      <object_component id="oc-176">
         <name>.debug_info</name>
         <load_address>0x3ce4</load_address>
         <run_address>0x3ce4</run_address>
         <size>0x152</size>
         <input_file_ref idref="fl-2"/>
      </object_component>
      <object_component id="oc-180">
         <name>.debug_info</name>
         <load_address>0x3e36</load_address>
         <run_address>0x3e36</run_address>
         <size>0xe3</size>
         <input_file_ref idref="fl-60"/>
      </object_component>
      <object_component id="oc-186">
         <name>.debug_info</name>
         <load_address>0x3f19</load_address>
         <run_address>0x3f19</run_address>
         <size>0xdf</size>
         <input_file_ref idref="fl-47"/>
      </object_component>
      <object_component id="oc-18a">
         <name>.debug_info</name>
         <load_address>0x3ff8</load_address>
         <run_address>0x3ff8</run_address>
         <size>0xd7</size>
         <input_file_ref idref="fl-4a"/>
      </object_component>
      <object_component id="oc-190">
         <name>.debug_info</name>
         <load_address>0x40cf</load_address>
         <run_address>0x40cf</run_address>
         <size>0xd4</size>
         <input_file_ref idref="fl-46"/>
      </object_component>
      <object_component id="oc-195">
         <name>.debug_info</name>
         <load_address>0x41a3</load_address>
         <run_address>0x41a3</run_address>
         <size>0xd4</size>
         <input_file_ref idref="fl-44"/>
      </object_component>
      <object_component id="oc-19d">
         <name>.debug_info</name>
         <load_address>0x4277</load_address>
         <run_address>0x4277</run_address>
         <size>0xe8</size>
         <input_file_ref idref="fl-49"/>
      </object_component>
      <object_component id="oc-1a8">
         <name>.debug_info</name>
         <load_address>0x435f</load_address>
         <run_address>0x435f</run_address>
         <size>0xd4</size>
         <input_file_ref idref="fl-48"/>
      </object_component>
      <object_component id="oc-1b2">
         <name>.debug_info</name>
         <load_address>0x4433</load_address>
         <run_address>0x4433</run_address>
         <size>0x18e</size>
         <input_file_ref idref="fl-5"/>
      </object_component>
      <object_component id="oc-1ba">
         <name>.debug_info</name>
         <load_address>0x45c1</load_address>
         <run_address>0x45c1</run_address>
         <size>0xb9</size>
         <input_file_ref idref="fl-2"/>
      </object_component>
      <object_component id="oc-1c3">
         <name>.debug_info</name>
         <load_address>0x467a</load_address>
         <run_address>0x467a</run_address>
         <size>0xdc</size>
         <input_file_ref idref="fl-5"/>
      </object_component>
      <object_component id="oc-1c9">
         <name>.debug_info</name>
         <load_address>0x4756</load_address>
         <run_address>0x4756</run_address>
         <size>0xd4</size>
         <input_file_ref idref="fl-3d"/>
      </object_component>
      <object_component id="oc-1d3">
         <name>.debug_info</name>
         <load_address>0x482a</load_address>
         <run_address>0x482a</run_address>
         <size>0x14f</size>
         <input_file_ref idref="fl-2"/>
      </object_component>
      <object_component id="oc-1d9">
         <name>.debug_info</name>
         <load_address>0x4979</load_address>
         <run_address>0x4979</run_address>
         <size>0x274</size>
         <input_file_ref idref="fl-2"/>
      </object_component>
      <object_component id="oc-1e9">
         <name>.debug_info</name>
         <load_address>0x4bed</load_address>
         <run_address>0x4bed</run_address>
         <size>0x368</size>
         <input_file_ref idref="fl-5"/>
      </object_component>
      <object_component id="oc-1ed">
         <name>.debug_info</name>
         <load_address>0x4f55</load_address>
         <run_address>0x4f55</run_address>
         <size>0x167</size>
         <input_file_ref idref="fl-4"/>
      </object_component>
      <object_component id="oc-1f6">
         <name>.debug_info</name>
         <load_address>0x50bc</load_address>
         <run_address>0x50bc</run_address>
         <size>0x13d</size>
         <input_file_ref idref="fl-2"/>
      </object_component>
      <object_component id="oc-1fc">
         <name>.debug_info</name>
         <load_address>0x51f9</load_address>
         <run_address>0x51f9</run_address>
         <size>0x1e1</size>
         <input_file_ref idref="fl-4"/>
      </object_component>
      <object_component id="oc-206">
         <name>.debug_info</name>
         <load_address>0x53da</load_address>
         <run_address>0x53da</run_address>
         <size>0x1f4</size>
         <input_file_ref idref="fl-2"/>
      </object_component>
      <object_component id="oc-20d">
         <name>.debug_info</name>
         <load_address>0x55ce</load_address>
         <run_address>0x55ce</run_address>
         <size>0x11b</size>
         <input_file_ref idref="fl-41"/>
      </object_component>
      <object_component id="oc-212">
         <name>.debug_info</name>
         <load_address>0x56e9</load_address>
         <run_address>0x56e9</run_address>
         <size>0x20d</size>
         <input_file_ref idref="fl-5e"/>
      </object_component>
      <object_component id="oc-21c">
         <name>.debug_info</name>
         <load_address>0x58f6</load_address>
         <run_address>0x58f6</run_address>
         <size>0x1dc</size>
         <input_file_ref idref="fl-36"/>
      </object_component>
      <object_component id="oc-21f">
         <name>.debug_info</name>
         <load_address>0x5ad2</load_address>
         <run_address>0x5ad2</run_address>
         <size>0x136</size>
         <input_file_ref idref="fl-3f"/>
      </object_component>
      <object_component id="oc-227">
         <name>.debug_info</name>
         <load_address>0x5c08</load_address>
         <run_address>0x5c08</run_address>
         <size>0x169</size>
         <input_file_ref idref="fl-2"/>
      </object_component>
      <object_component id="oc-231">
         <name>.debug_info</name>
         <load_address>0x5d71</load_address>
         <run_address>0x5d71</run_address>
         <size>0x166</size>
         <input_file_ref idref="fl-4"/>
      </object_component>
      <object_component id="oc-237">
         <name>.debug_info</name>
         <load_address>0x5ed7</load_address>
         <run_address>0x5ed7</run_address>
         <size>0x2b2</size>
         <input_file_ref idref="fl-4"/>
      </object_component>
      <object_component id="oc-23c">
         <name>.debug_info</name>
         <load_address>0x6189</load_address>
         <run_address>0x6189</run_address>
         <size>0xf5</size>
         <input_file_ref idref="fl-3"/>
      </object_component>
      <object_component id="oc-242">
         <name>.debug_info</name>
         <load_address>0x627e</load_address>
         <run_address>0x627e</run_address>
         <size>0x163</size>
         <input_file_ref idref="fl-4"/>
      </object_component>
      <object_component id="oc-24a">
         <name>.debug_info</name>
         <load_address>0x63e1</load_address>
         <run_address>0x63e1</run_address>
         <size>0xd3</size>
         <input_file_ref idref="fl-5b"/>
      </object_component>
      <object_component id="oc-24f">
         <name>.debug_info</name>
         <load_address>0x64b4</load_address>
         <run_address>0x64b4</run_address>
         <size>0xd3</size>
         <input_file_ref idref="fl-5c"/>
      </object_component>
      <object_component id="oc-253">
         <name>.debug_info</name>
         <load_address>0x6587</load_address>
         <run_address>0x6587</run_address>
         <size>0xeb</size>
         <input_file_ref idref="fl-2"/>
      </object_component>
      <object_component id="oc-256">
         <name>.debug_info</name>
         <load_address>0x6672</load_address>
         <run_address>0x6672</run_address>
         <size>0xe3</size>
         <input_file_ref idref="fl-5f"/>
      </object_component>
      <object_component id="oc-25f">
         <name>.debug_info</name>
         <load_address>0x6755</load_address>
         <run_address>0x6755</run_address>
         <size>0x187</size>
         <input_file_ref idref="fl-42"/>
      </object_component>
      <object_component id="oc-262">
         <name>.debug_info</name>
         <load_address>0x68dc</load_address>
         <run_address>0x68dc</run_address>
         <size>0x185</size>
         <input_file_ref idref="fl-41"/>
      </object_component>
      <object_component id="oc-264">
         <name>.debug_info</name>
         <load_address>0x6a61</load_address>
         <run_address>0x6a61</run_address>
         <size>0x313</size>
         <input_file_ref idref="fl-67"/>
      </object_component>
      <object_component id="oc-26a">
         <name>.debug_info</name>
         <load_address>0x6d74</load_address>
         <run_address>0x6d74</run_address>
         <size>0x1c2</size>
         <input_file_ref idref="fl-5e"/>
      </object_component>
      <object_component id="oc-26b">
         <name>.debug_info</name>
         <load_address>0x6f36</load_address>
         <run_address>0x6f36</run_address>
         <size>0x94</size>
         <input_file_ref idref="fl-36"/>
      </object_component>
      <object_component id="oc-273">
         <name>.debug_info</name>
         <load_address>0x6fca</load_address>
         <run_address>0x6fca</run_address>
         <size>0x266</size>
         <input_file_ref idref="fl-43"/>
      </object_component>
      <object_component id="oc-277">
         <name>.debug_info</name>
         <load_address>0x7230</load_address>
         <run_address>0x7230</run_address>
         <size>0x1c7</size>
         <input_file_ref idref="fl-36"/>
      </object_component>
      <object_component id="oc-279">
         <name>.debug_info</name>
         <load_address>0x73f7</load_address>
         <run_address>0x73f7</run_address>
         <size>0x188</size>
         <input_file_ref idref="fl-40"/>
      </object_component>
      <object_component id="oc-27f">
         <name>.debug_info</name>
         <load_address>0x757f</load_address>
         <run_address>0x757f</run_address>
         <size>0x185</size>
         <input_file_ref idref="fl-3f"/>
      </object_component>
      <object_component id="oc-282">
         <name>.debug_info</name>
         <load_address>0x7704</load_address>
         <run_address>0x7704</run_address>
         <size>0x169</size>
         <input_file_ref idref="fl-3"/>
      </object_component>
      <object_component id="oc-28d">
         <name>.debug_info</name>
         <load_address>0x786d</load_address>
         <run_address>0x786d</run_address>
         <size>0x191</size>
         <input_file_ref idref="fl-3"/>
      </object_component>
      <object_component id="oc-299">
         <name>.debug_info</name>
         <load_address>0x79fe</load_address>
         <run_address>0x79fe</run_address>
         <size>0xd9</size>
         <input_file_ref idref="fl-5b"/>
      </object_component>
      <object_component id="oc-29d">
         <name>.debug_info</name>
         <load_address>0x7ad7</load_address>
         <run_address>0x7ad7</run_address>
         <size>0xd9</size>
         <input_file_ref idref="fl-5c"/>
      </object_component>
      <object_component id="oc-2a2">
         <name>.debug_info</name>
         <load_address>0x7bb0</load_address>
         <run_address>0x7bb0</run_address>
         <size>0x186</size>
         <input_file_ref idref="fl-42"/>
      </object_component>
      <object_component id="oc-2a8">
         <name>.debug_info</name>
         <load_address>0x7d36</load_address>
         <run_address>0x7d36</run_address>
         <size>0xd9</size>
         <input_file_ref idref="fl-65"/>
      </object_component>
      <object_component id="oc-2ab">
         <name>.debug_info</name>
         <load_address>0x7e0f</load_address>
         <run_address>0x7e0f</run_address>
         <size>0x1a9</size>
         <input_file_ref idref="fl-67"/>
      </object_component>
      <object_component id="oc-2af">
         <name>.debug_info</name>
         <load_address>0x7fb8</load_address>
         <run_address>0x7fb8</run_address>
         <size>0xd3</size>
         <input_file_ref idref="fl-65"/>
      </object_component>
      <object_component id="oc-2b4">
         <name>.debug_info</name>
         <load_address>0x808b</load_address>
         <run_address>0x808b</run_address>
         <size>0x187</size>
         <input_file_ref idref="fl-62"/>
      </object_component>
      <object_component id="oc-2ba">
         <name>.debug_info</name>
         <load_address>0x8212</load_address>
         <run_address>0x8212</run_address>
         <size>0x1bb</size>
         <input_file_ref idref="fl-43"/>
      </object_component>
      <object_component id="oc-2be">
         <name>.debug_info</name>
         <load_address>0x83cd</load_address>
         <run_address>0x83cd</run_address>
         <size>0x186</size>
         <input_file_ref idref="fl-40"/>
      </object_component>
      <object_component id="oc-2d2">
         <name>.debug_info</name>
         <load_address>0x8553</load_address>
         <run_address>0x8553</run_address>
         <size>0x18d</size>
         <input_file_ref idref="fl-62"/>
      </object_component>
      <object_component id="oc-344">
         <name>.debug_info</name>
         <load_address>0x86e0</load_address>
         <run_address>0x86e0</run_address>
         <size>0xa7</size>
      </object_component>
      <object_component id="oc-6b">
         <name>.debug_aranges</name>
         <load_address>0x0</load_address>
         <run_address>0x0</run_address>
         <size>0x20</size>
         <input_file_ref idref="fl-37"/>
      </object_component>
      <object_component id="oc-7e">
         <name>.debug_aranges</name>
         <load_address>0x20</load_address>
         <run_address>0x20</run_address>
         <size>0x20</size>
         <input_file_ref idref="fl-38"/>
      </object_component>
      <object_component id="oc-84">
         <name>.debug_aranges</name>
         <load_address>0x40</load_address>
         <run_address>0x40</run_address>
         <size>0x20</size>
         <input_file_ref idref="fl-3a"/>
      </object_component>
      <object_component id="oc-8b">
         <name>.debug_aranges</name>
         <load_address>0x60</load_address>
         <run_address>0x60</run_address>
         <size>0x20</size>
         <input_file_ref idref="fl-39"/>
      </object_component>
      <object_component id="oc-95">
         <name>.debug_aranges</name>
         <load_address>0x80</load_address>
         <run_address>0x80</run_address>
         <size>0x20</size>
         <input_file_ref idref="fl-5a"/>
      </object_component>
      <object_component id="oc-9c">
         <name>.debug_aranges</name>
         <load_address>0xa0</load_address>
         <run_address>0xa0</run_address>
         <size>0x20</size>
         <input_file_ref idref="fl-6"/>
      </object_component>
      <object_component id="oc-a0">
         <name>.debug_aranges</name>
         <load_address>0xc0</load_address>
         <run_address>0xc0</run_address>
         <size>0x20</size>
         <input_file_ref idref="fl-61"/>
      </object_component>
      <object_component id="oc-a4">
         <name>.debug_aranges</name>
         <load_address>0xe0</load_address>
         <run_address>0xe0</run_address>
         <size>0x20</size>
         <input_file_ref idref="fl-66"/>
      </object_component>
      <object_component id="oc-ae">
         <name>.debug_aranges</name>
         <load_address>0x100</load_address>
         <run_address>0x100</run_address>
         <size>0x20</size>
         <input_file_ref idref="fl-6"/>
      </object_component>
      <object_component id="oc-b2">
         <name>.debug_aranges</name>
         <load_address>0x120</load_address>
         <run_address>0x120</run_address>
         <size>0x20</size>
         <input_file_ref idref="fl-3e"/>
      </object_component>
      <object_component id="oc-b9">
         <name>.debug_aranges</name>
         <load_address>0x140</load_address>
         <run_address>0x140</run_address>
         <size>0x20</size>
         <input_file_ref idref="fl-6"/>
      </object_component>
      <object_component id="oc-bd">
         <name>.debug_aranges</name>
         <load_address>0x160</load_address>
         <run_address>0x160</run_address>
         <size>0x20</size>
         <input_file_ref idref="fl-7"/>
      </object_component>
      <object_component id="oc-c4">
         <name>.debug_aranges</name>
         <load_address>0x180</load_address>
         <run_address>0x180</run_address>
         <size>0x20</size>
         <input_file_ref idref="fl-3b"/>
      </object_component>
      <object_component id="oc-d6">
         <name>.debug_aranges</name>
         <load_address>0x1a0</load_address>
         <run_address>0x1a0</run_address>
         <size>0x30</size>
         <input_file_ref idref="fl-39"/>
      </object_component>
      <object_component id="oc-f1">
         <name>.debug_aranges</name>
         <load_address>0x1d0</load_address>
         <run_address>0x1d0</run_address>
         <size>0x20</size>
         <input_file_ref idref="fl-6"/>
      </object_component>
      <object_component id="oc-fa">
         <name>.debug_aranges</name>
         <load_address>0x1f0</load_address>
         <run_address>0x1f0</run_address>
         <size>0x20</size>
         <input_file_ref idref="fl-5"/>
      </object_component>
      <object_component id="oc-ff">
         <name>.debug_aranges</name>
         <load_address>0x210</load_address>
         <run_address>0x210</run_address>
         <size>0x20</size>
         <input_file_ref idref="fl-3"/>
      </object_component>
      <object_component id="oc-106">
         <name>.debug_aranges</name>
         <load_address>0x230</load_address>
         <run_address>0x230</run_address>
         <size>0x20</size>
         <input_file_ref idref="fl-2"/>
      </object_component>
      <object_component id="oc-10e">
         <name>.debug_aranges</name>
         <load_address>0x250</load_address>
         <run_address>0x250</run_address>
         <size>0x20</size>
         <input_file_ref idref="fl-6"/>
      </object_component>
      <object_component id="oc-116">
         <name>.debug_aranges</name>
         <load_address>0x270</load_address>
         <run_address>0x270</run_address>
         <size>0x20</size>
         <input_file_ref idref="fl-6"/>
      </object_component>
      <object_component id="oc-118">
         <name>.debug_aranges</name>
         <load_address>0x290</load_address>
         <run_address>0x290</run_address>
         <size>0x20</size>
         <input_file_ref idref="fl-7"/>
      </object_component>
      <object_component id="oc-120">
         <name>.debug_aranges</name>
         <load_address>0x2b0</load_address>
         <run_address>0x2b0</run_address>
         <size>0x20</size>
         <input_file_ref idref="fl-5"/>
      </object_component>
      <object_component id="oc-12c">
         <name>.debug_aranges</name>
         <load_address>0x2d0</load_address>
         <run_address>0x2d0</run_address>
         <size>0x20</size>
         <input_file_ref idref="fl-45"/>
      </object_component>
      <object_component id="oc-138">
         <name>.debug_aranges</name>
         <load_address>0x2f0</load_address>
         <run_address>0x2f0</run_address>
         <size>0x20</size>
         <input_file_ref idref="fl-5"/>
      </object_component>
      <object_component id="oc-13f">
         <name>.debug_aranges</name>
         <load_address>0x310</load_address>
         <run_address>0x310</run_address>
         <size>0x20</size>
         <input_file_ref idref="fl-6"/>
      </object_component>
      <object_component id="oc-145">
         <name>.debug_aranges</name>
         <load_address>0x330</load_address>
         <run_address>0x330</run_address>
         <size>0x20</size>
         <input_file_ref idref="fl-3c"/>
      </object_component>
      <object_component id="oc-15d">
         <name>.debug_aranges</name>
         <load_address>0x350</load_address>
         <run_address>0x350</run_address>
         <size>0x20</size>
         <input_file_ref idref="fl-5"/>
      </object_component>
      <object_component id="oc-178">
         <name>.debug_aranges</name>
         <load_address>0x370</load_address>
         <run_address>0x370</run_address>
         <size>0x20</size>
         <input_file_ref idref="fl-2"/>
      </object_component>
      <object_component id="oc-182">
         <name>.debug_aranges</name>
         <load_address>0x390</load_address>
         <run_address>0x390</run_address>
         <size>0x20</size>
         <input_file_ref idref="fl-60"/>
      </object_component>
      <object_component id="oc-188">
         <name>.debug_aranges</name>
         <load_address>0x3b0</load_address>
         <run_address>0x3b0</run_address>
         <size>0x20</size>
         <input_file_ref idref="fl-47"/>
      </object_component>
      <object_component id="oc-18c">
         <name>.debug_aranges</name>
         <load_address>0x3d0</load_address>
         <run_address>0x3d0</run_address>
         <size>0x20</size>
         <input_file_ref idref="fl-4a"/>
      </object_component>
      <object_component id="oc-18f">
         <name>.debug_aranges</name>
         <load_address>0x3f0</load_address>
         <run_address>0x3f0</run_address>
         <size>0x20</size>
         <input_file_ref idref="fl-46"/>
      </object_component>
      <object_component id="oc-194">
         <name>.debug_aranges</name>
         <load_address>0x410</load_address>
         <run_address>0x410</run_address>
         <size>0x20</size>
         <input_file_ref idref="fl-44"/>
      </object_component>
      <object_component id="oc-19f">
         <name>.debug_aranges</name>
         <load_address>0x430</load_address>
         <run_address>0x430</run_address>
         <size>0x20</size>
         <input_file_ref idref="fl-49"/>
      </object_component>
      <object_component id="oc-1a9">
         <name>.debug_aranges</name>
         <load_address>0x450</load_address>
         <run_address>0x450</run_address>
         <size>0x20</size>
         <input_file_ref idref="fl-48"/>
      </object_component>
      <object_component id="oc-1b4">
         <name>.debug_aranges</name>
         <load_address>0x470</load_address>
         <run_address>0x470</run_address>
         <size>0x20</size>
         <input_file_ref idref="fl-5"/>
      </object_component>
      <object_component id="oc-1cb">
         <name>.debug_aranges</name>
         <load_address>0x490</load_address>
         <run_address>0x490</run_address>
         <size>0x20</size>
         <input_file_ref idref="fl-3d"/>
      </object_component>
      <object_component id="oc-1d5">
         <name>.debug_aranges</name>
         <load_address>0x4b0</load_address>
         <run_address>0x4b0</run_address>
         <size>0x20</size>
         <input_file_ref idref="fl-2"/>
      </object_component>
      <object_component id="oc-1da">
         <name>.debug_aranges</name>
         <load_address>0x4d0</load_address>
         <run_address>0x4d0</run_address>
         <size>0x20</size>
         <input_file_ref idref="fl-2"/>
      </object_component>
      <object_component id="oc-1ef">
         <name>.debug_aranges</name>
         <load_address>0x4f0</load_address>
         <run_address>0x4f0</run_address>
         <size>0x20</size>
         <input_file_ref idref="fl-4"/>
      </object_component>
      <object_component id="oc-1f8">
         <name>.debug_aranges</name>
         <load_address>0x510</load_address>
         <run_address>0x510</run_address>
         <size>0x20</size>
         <input_file_ref idref="fl-2"/>
      </object_component>
      <object_component id="oc-1fd">
         <name>.debug_aranges</name>
         <load_address>0x530</load_address>
         <run_address>0x530</run_address>
         <size>0x20</size>
         <input_file_ref idref="fl-4"/>
      </object_component>
      <object_component id="oc-207">
         <name>.debug_aranges</name>
         <load_address>0x550</load_address>
         <run_address>0x550</run_address>
         <size>0x20</size>
         <input_file_ref idref="fl-2"/>
      </object_component>
      <object_component id="oc-20c">
         <name>.debug_aranges</name>
         <load_address>0x570</load_address>
         <run_address>0x570</run_address>
         <size>0x20</size>
         <input_file_ref idref="fl-41"/>
      </object_component>
      <object_component id="oc-213">
         <name>.debug_aranges</name>
         <load_address>0x590</load_address>
         <run_address>0x590</run_address>
         <size>0x20</size>
         <input_file_ref idref="fl-5e"/>
      </object_component>
      <object_component id="oc-21b">
         <name>.debug_aranges</name>
         <load_address>0x5b0</load_address>
         <run_address>0x5b0</run_address>
         <size>0x20</size>
         <input_file_ref idref="fl-36"/>
      </object_component>
      <object_component id="oc-221">
         <name>.debug_aranges</name>
         <load_address>0x5d0</load_address>
         <run_address>0x5d0</run_address>
         <size>0x20</size>
         <input_file_ref idref="fl-3f"/>
      </object_component>
      <object_component id="oc-228">
         <name>.debug_aranges</name>
         <load_address>0x5f0</load_address>
         <run_address>0x5f0</run_address>
         <size>0x20</size>
         <input_file_ref idref="fl-2"/>
      </object_component>
      <object_component id="oc-233">
         <name>.debug_aranges</name>
         <load_address>0x610</load_address>
         <run_address>0x610</run_address>
         <size>0x20</size>
         <input_file_ref idref="fl-4"/>
      </object_component>
      <object_component id="oc-23e">
         <name>.debug_aranges</name>
         <load_address>0x630</load_address>
         <run_address>0x630</run_address>
         <size>0x20</size>
         <input_file_ref idref="fl-3"/>
      </object_component>
      <object_component id="oc-244">
         <name>.debug_aranges</name>
         <load_address>0x650</load_address>
         <run_address>0x650</run_address>
         <size>0x20</size>
         <input_file_ref idref="fl-4"/>
      </object_component>
      <object_component id="oc-24b">
         <name>.debug_aranges</name>
         <load_address>0x670</load_address>
         <run_address>0x670</run_address>
         <size>0x20</size>
         <input_file_ref idref="fl-5b"/>
      </object_component>
      <object_component id="oc-251">
         <name>.debug_aranges</name>
         <load_address>0x690</load_address>
         <run_address>0x690</run_address>
         <size>0x20</size>
         <input_file_ref idref="fl-5c"/>
      </object_component>
      <object_component id="oc-257">
         <name>.debug_aranges</name>
         <load_address>0x6b0</load_address>
         <run_address>0x6b0</run_address>
         <size>0x20</size>
         <input_file_ref idref="fl-5f"/>
      </object_component>
      <object_component id="oc-25e">
         <name>.debug_aranges</name>
         <load_address>0x6d0</load_address>
         <run_address>0x6d0</run_address>
         <size>0x20</size>
         <input_file_ref idref="fl-42"/>
      </object_component>
      <object_component id="oc-266">
         <name>.debug_aranges</name>
         <load_address>0x6f0</load_address>
         <run_address>0x6f0</run_address>
         <size>0x30</size>
         <input_file_ref idref="fl-67"/>
      </object_component>
      <object_component id="oc-275">
         <name>.debug_aranges</name>
         <load_address>0x720</load_address>
         <run_address>0x720</run_address>
         <size>0x20</size>
         <input_file_ref idref="fl-43"/>
      </object_component>
      <object_component id="oc-27a">
         <name>.debug_aranges</name>
         <load_address>0x740</load_address>
         <run_address>0x740</run_address>
         <size>0x20</size>
         <input_file_ref idref="fl-40"/>
      </object_component>
      <object_component id="oc-284">
         <name>.debug_aranges</name>
         <load_address>0x760</load_address>
         <run_address>0x760</run_address>
         <size>0x20</size>
         <input_file_ref idref="fl-3"/>
      </object_component>
      <object_component id="oc-28e">
         <name>.debug_aranges</name>
         <load_address>0x780</load_address>
         <run_address>0x780</run_address>
         <size>0x20</size>
         <input_file_ref idref="fl-3"/>
      </object_component>
      <object_component id="oc-29a">
         <name>.debug_aranges</name>
         <load_address>0x7a0</load_address>
         <run_address>0x7a0</run_address>
         <size>0x20</size>
         <input_file_ref idref="fl-5b"/>
      </object_component>
      <object_component id="oc-29f">
         <name>.debug_aranges</name>
         <load_address>0x7c0</load_address>
         <run_address>0x7c0</run_address>
         <size>0x20</size>
         <input_file_ref idref="fl-5c"/>
      </object_component>
      <object_component id="oc-2a6">
         <name>.debug_aranges</name>
         <load_address>0x7e0</load_address>
         <run_address>0x7e0</run_address>
         <size>0x20</size>
         <input_file_ref idref="fl-65"/>
      </object_component>
      <object_component id="oc-2b1">
         <name>.debug_aranges</name>
         <load_address>0x800</load_address>
         <run_address>0x800</run_address>
         <size>0x20</size>
         <input_file_ref idref="fl-65"/>
      </object_component>
      <object_component id="oc-2b6">
         <name>.debug_aranges</name>
         <load_address>0x820</load_address>
         <run_address>0x820</run_address>
         <size>0x20</size>
         <input_file_ref idref="fl-62"/>
      </object_component>
      <object_component id="oc-6c">
         <name>.debug_pubnames</name>
         <load_address>0x0</load_address>
         <run_address>0x0</run_address>
         <size>0x26</size>
         <input_file_ref idref="fl-37"/>
      </object_component>
      <object_component id="oc-7f">
         <name>.debug_pubnames</name>
         <load_address>0x26</load_address>
         <run_address>0x26</run_address>
         <size>0x2b</size>
         <input_file_ref idref="fl-38"/>
      </object_component>
      <object_component id="oc-85">
[...]
         <value>0x9420</value>
         <object_component_ref idref="oc-11d"/>
      </symbol>
      <symbol id="sm-44f">
         <name>temp</name>
         <value>0x1c16</value>
      </symbol>
      <symbol id="sm-450">
         <name>temperatureDegC</name>
         <value>0x1c0e</value>
      </symbol>
      <symbol id="sm-451">
         <name>first</name>
         <value>0x1c12</value>
      </symbol>
      <symbol id="sm-452">
         <name>second</name>
         <value>0x1c14</value>
      </symbol>
      <symbol id="sm-453">
         <name>third</name>
         <value>0x1c18</value>
      </symbol>
      <symbol id="sm-454">
         <name>thousands</name>
         <value>0x1c1e</value>
      </symbol>
      <symbol id="sm-455">
         <name>hundreds</name>
         <value>0x1c1b</value>
      </symbol>
      <symbol id="sm-456">
         <name>tens</name>
         <value>0x1c1d</value>
      </symbol>
      <symbol id="sm-457">
         <name>ones</name>
         <value>0x1c1c</value>
      </symbol>
      <symbol id="sm-458">
         <name>timercountdown</name>
         <value>0x9924</value>
         <object_component_ref idref="oc-109"/>
      </symbol>
      <symbol id="sm-459">
         <name>interruptFlag</name>
         <value>0x1c28</value>
         <object_component_ref idref="oc-ea"/>
      </symbol>
      <symbol id="sm-45a">
         <name>accCount</name>
         <value>0x9798</value>
         <object_component_ref idref="oc-111"/>
      </symbol>
      <symbol id="sm-45b">
         <name>__TI_int48</name>
         <value>0xffe0</value>
         <object_component_ref idref="oc-67"/>
      </symbol>
      <symbol id="sm-45c">
         <name>__TI_int55</name>
         <value>0xffee</value>
         <object_component_ref idref="oc-74"/>
      </symbol>
      <symbol id="sm-45d">
         <name>buzzerstop</name>
         <value>0x98d4</value>
         <object_component_ref idref="oc-ed"/>
      </symbol>
      <symbol id="sm-45e">
         <name>m</name>
         <value>0x1c22</value>
         <object_component_ref idref="oc-ea"/>
      </symbol>
      <symbol id="sm-45f">
         <name>d</name>
         <value>0x1c20</value>
         <object_component_ref idref="oc-ea"/>
      </symbol>
      <symbol id="sm-460">
         <name>buzzeralert</name>
         <value>0x9704</value>
         <object_component_ref idref="oc-13b"/>
      </symbol>
      <symbol id="sm-461">
         <name>sec2</name>
         <value>0x1c24</value>
         <object_component_ref idref="oc-ea"/>
      </symbol>
      <symbol id="sm-462">
         <name>sec1</name>
         <value>0x1c26</value>
         <object_component_ref idref="oc-ea"/>
      </symbol>
      <symbol id="sm-463">
         <name>main</name>
         <value>0x97c4</value>
         <object_component_ref idref="oc-a9"/>
      </symbol>
      <symbol id="sm-464">
         <name>pushbutton_ISR</name>
         <value>0x993e</value>
         <object_component_ref idref="oc-97"/>
      </symbol>
      <symbol id="sm-465">
         <name>flag</name>
         <value>0x1c2a</value>
         <object_component_ref idref="oc-ea"/>
      </symbol>
      <symbol id="sm-466">
         <name>TIMER0_A0_ISR</name>
         <value>0x8d92</value>
         <object_component_ref idref="oc-b6"/>
      </symbol>
      <symbol id="sm-47e">
         <name>__TI_int56</name>
         <value>0xfff0</value>
         <object_component_ref idref="oc-75"/>
      </symbol>
      <symbol id="sm-47f">
         <name>temperatureFunction</name>
         <value>0x8bbc</value>
         <object_component_ref idref="oc-117"/>
      </symbol>
      <symbol id="sm-480">
         <name>ADC12ISR</name>
         <value>0x9956</value>
         <object_component_ref idref="oc-bc"/>
      </symbol>
      <symbol id="sm-4a7">
         <name>__mspabi_addd</name>
         <value>0x82e4</value>
         <object_component_ref idref="oc-218"/>
      </symbol>
      <symbol id="sm-4b7">
         <name>_c_int00_noexit</name>
         <value>0x98f0</value>
         <object_component_ref idref="oc-69"/>
      </symbol>
      <symbol id="sm-4b8">
         <name>_c_int00</name>
         <value>0x98f0</value>
         <object_component_ref idref="oc-69"/>
      </symbol>
      <symbol id="sm-4b9">
         <name>_stack</name>
         <value>0x2bac</value>
         <object_component_ref idref="oc-8e"/>
      </symbol>
      <symbol id="sm-4ba">
         <name>_reset_vector</name>
         <value>0xfffe</value>
         <object_component_ref idref="oc-91"/>
      </symbol>
      <symbol id="sm-4cb">
         <name>__TI_decompress_none</name>
         <value>0x96c8</value>
         <object_component_ref idref="oc-7c"/>
      </symbol>
      <symbol id="sm-4ef">
         <name>__TI_decompress_rle24</name>
         <value>0x9a0c</value>
         <object_component_ref idref="oc-88"/>
      </symbol>
      <symbol id="sm-502">
         <name>__TI_zero_init</name>
         <value>0x95d0</value>
         <object_component_ref idref="oc-82"/>
      </symbol>
      <symbol id="sm-50d">
         <name>__memcpy_far</name>
         <value>0x9590</value>
         <object_component_ref idref="oc-c2"/>
      </symbol>
      <symbol id="sm-519">
         <name>__mspabi_remi</name>
         <value>0x97f0</value>
         <object_component_ref idref="oc-141"/>
      </symbol>
      <symbol id="sm-51a">
         <name>__mspabi_divi</name>
         <value>0x97f0</value>
         <object_component_ref idref="oc-141"/>
      </symbol>
      <symbol id="sm-524">
         <name>__mspabi_remu</name>
         <value>0x996c</value>
         <object_component_ref idref="oc-1c7"/>
      </symbol>
      <symbol id="sm-525">
         <name>__mspabi_divu</name>
         <value>0x996c</value>
         <object_component_ref idref="oc-1c7"/>
      </symbol>
      <symbol id="sm-52f">
         <name>C$$EXIT</name>
         <value>0x9a4e</value>
         <object_component_ref idref="oc-af"/>
      </symbol>
      <symbol id="sm-530">
         <name>abort</name>
         <value>0x9a4e</value>
         <object_component_ref idref="oc-af"/>
      </symbol>
      <symbol id="sm-53e">
         <name>__mspabi_fixdu</name>
         <value>0x9998</value>
         <object_component_ref idref="oc-21e"/>
      </symbol>
      <symbol id="sm-551">
         <name>__mspabi_fixdul</name>
         <value>0x921c</value>
         <object_component_ref idref="oc-278"/>
      </symbol>
      <symbol id="sm-55d">
         <name>__mspabi_fltud</name>
         <value>0x9a3e</value>
         <object_component_ref idref="oc-20b"/>
      </symbol>
      <symbol id="sm-572">
         <name>__mspabi_fltuld</name>
         <value>0x91a6</value>
         <object_component_ref idref="oc-25b"/>
      </symbol>
      <symbol id="sm-593">
         <name>__TI_frcaddd</name>
         <value>0x883a</value>
         <object_component_ref idref="oc-270"/>
      </symbol>
      <symbol id="sm-5ae">
         <name>__mspabi_subf</name>
         <value>0x8a8c</value>
         <object_component_ref idref="oc-193"/>
      </symbol>
      <symbol id="sm-5af">
         <name>__mspabi_addf</name>
         <value>0x8a92</value>
         <object_component_ref idref="oc-193"/>
      </symbol>
      <symbol id="sm-5bf">
         <name>__mspabi_cmpf</name>
         <value>0x94ba</value>
         <object_component_ref idref="oc-129"/>
      </symbol>
      <symbol id="sm-5d1">
         <name>__mspabi_divf</name>
         <value>0x9094</value>
         <object_component_ref idref="oc-18e"/>
      </symbol>
      <symbol id="sm-5e0">
         <name>__mspabi_fltlif</name>
         <value>0x9504</value>
         <object_component_ref idref="oc-184"/>
      </symbol>
      <symbol id="sm-5f7">
         <name>__mspabi_mpyf</name>
         <value>0x8f2c</value>
         <object_component_ref idref="oc-1a7"/>
      </symbol>
      <symbol id="sm-609">
         <name>__mspabi_fixfi</name>
         <value>0x9354</value>
         <object_component_ref idref="oc-19c"/>
      </symbol>
      <symbol id="sm-614">
         <name>__mspabi_fltuf</name>
         <value>0x988e</value>
         <object_component_ref idref="oc-189"/>
      </symbol>
      <symbol id="sm-617">
         <name>__TI_int45</name>
         <value>0xffda</value>
         <object_component_ref idref="oc-64"/>
      </symbol>
      <symbol id="sm-61a">
         <name>__TI_int46</name>
         <value>0xffdc</value>
         <object_component_ref idref="oc-65"/>
      </symbol>
      <symbol id="sm-61d">
         <name>__TI_int47</name>
         <value>0xffde</value>
         <object_component_ref idref="oc-66"/>
      </symbol>
      <symbol id="sm-620">
         <name>__TI_int49</name>
         <value>0xffe2</value>
         <object_component_ref idref="oc-68"/>
      </symbol>
      <symbol id="sm-623">
         <name>__TI_int50</name>
         <value>0xffe4</value>
         <object_component_ref idref="oc-6f"/>
      </symbol>
      <symbol id="sm-626">
         <name>__TI_int51</name>
         <value>0xffe6</value>
         <object_component_ref idref="oc-70"/>
      </symbol>
      <symbol id="sm-629">
         <name>__TI_int52</name>
         <value>0xffe8</value>
         <object_component_ref idref="oc-71"/>
      </symbol>
      <symbol id="sm-62c">
         <name>__TI_int53</name>
         <value>0xffea</value>
         <object_component_ref idref="oc-72"/>
      </symbol>
      <symbol id="sm-62f">
         <name>__TI_int54</name>
         <value>0xffec</value>
         <object_component_ref idref="oc-73"/>
      </symbol>
      <symbol id="sm-632">
         <name>__TI_int57</name>
         <value>0xfff2</value>
         <object_component_ref idref="oc-76"/>
      </symbol>
      <symbol id="sm-635">
         <name>__TI_int58</name>
         <value>0xfff4</value>
         <object_component_ref idref="oc-77"/>
      </symbol>
      <symbol id="sm-638">
         <name>__TI_int59</name>
         <value>0xfff6</value>
         <object_component_ref idref="oc-78"/>
      </symbol>
      <symbol id="sm-63b">
         <name>__TI_int60</name>
         <value>0xfff8</value>
         <object_component_ref idref="oc-79"/>
      </symbol>
      <symbol id="sm-63e">
         <name>__TI_int61</name>
         <value>0xfffa</value>
         <object_component_ref idref="oc-7a"/>
      </symbol>
      <symbol id="sm-641">
         <name>__TI_int62</name>
         <value>0xfffc</value>
         <object_component_ref idref="oc-7b"/>
      </symbol>
      <symbol id="sm-649">
         <name>__TI_ISR_TRAP</name>
         <value>0x9a38</value>
         <object_component_ref idref="oc-92"/>
      </symbol>
      <symbol id="sm-659">
         <name>__mspabi_slll_9</name>
         <value>0x9664</value>
         <object_component_ref idref="oc-297"/>
      </symbol>
      <symbol id="sm-65a">
         <name>__mspabi_slll_8</name>
         <value>0x9668</value>
         <object_component_ref idref="oc-297"/>
      </symbol>
      <symbol id="sm-65b">
         <name>__mspabi_slll_7</name>
         <value>0x966c</value>
         <object_component_ref idref="oc-297"/>
      </symbol>
      <symbol id="sm-65c">
         <name>__mspabi_slll_6</name>
         <value>0x9670</value>
         <object_component_ref idref="oc-297"/>
      </symbol>
      <symbol id="sm-65d">
         <name>__mspabi_slll_5</name>
         <value>0x9674</value>
         <object_component_ref idref="oc-297"/>
      </symbol>
      <symbol id="sm-65e">
         <name>__mspabi_slll_4</name>
         <value>0x9678</value>
         <object_component_ref idref="oc-297"/>
      </symbol>
      <symbol id="sm-65f">
         <name>__mspabi_slll_3</name>
         <value>0x967c</value>
         <object_component_ref idref="oc-297"/>
      </symbol>
      <symbol id="sm-660">
         <name>__mspabi_slll_2</name>
         <value>0x9680</value>
         <object_component_ref idref="oc-297"/>
      </symbol>
      <symbol id="sm-661">
         <name>__mspabi_slll_1</name>
         <value>0x9684</value>
         <object_component_ref idref="oc-297"/>
      </symbol>
      <symbol id="sm-662">
         <name>__mspabi_slll</name>
         <value>0x99de</value>
         <object_component_ref idref="oc-248"/>
      </symbol>
      <symbol id="sm-663">
         <name>__mspabi_slll_15</name>
         <value>0x964c</value>
         <object_component_ref idref="oc-297"/>
      </symbol>
      <symbol id="sm-664">
         <name>__mspabi_slll_14</name>
         <value>0x9650</value>
         <object_component_ref idref="oc-297"/>
      </symbol>
      <symbol id="sm-665">
         <name>__mspabi_slll_13</name>
         <value>0x9654</value>
         <object_component_ref idref="oc-297"/>
      </symbol>
      <symbol id="sm-666">
         <name>__mspabi_slll_12</name>
         <value>0x9658</value>
         <object_component_ref idref="oc-297"/>
      </symbol>
      <symbol id="sm-667">
         <name>__mspabi_slll_11</name>
         <value>0x965c</value>
         <object_component_ref idref="oc-297"/>
      </symbol>
      <symbol id="sm-668">
         <name>__mspabi_slll_10</name>
         <value>0x9660</value>
         <object_component_ref idref="oc-297"/>
      </symbol>
      <symbol id="sm-678">
         <name>__mspabi_srll_8</name>
         <value>0x96a6</value>
         <object_component_ref idref="oc-29c"/>
      </symbol>
      <symbol id="sm-679">
         <name>__mspabi_srll_9</name>
         <value>0x96a2</value>
         <object_component_ref idref="oc-29c"/>
      </symbol>
      <symbol id="sm-67a">
         <name>__mspabi_srll_6</name>
         <value>0x96ae</value>
         <object_component_ref idref="oc-29c"/>
      </symbol>
      <symbol id="sm-67b">
         <name>__mspabi_srll_7</name>
         <value>0x96aa</value>
         <object_component_ref idref="oc-29c"/>
      </symbol>
      <symbol id="sm-67c">
         <name>__mspabi_srll_4</name>
         <value>0x96b6</value>
         <object_component_ref idref="oc-29c"/>
      </symbol>
      <symbol id="sm-67d">
         <name>__mspabi_srll_5</name>
         <value>0x96b2</value>
         <object_component_ref idref="oc-29c"/>
      </symbol>
      <symbol id="sm-67e">
         <name>__mspabi_srll_2</name>
         <value>0x96be</value>
         <object_component_ref idref="oc-29c"/>
      </symbol>
      <symbol id="sm-67f">
         <name>__mspabi_srll_3</name>
         <value>0x96ba</value>
         <object_component_ref idref="oc-29c"/>
      </symbol>
      <symbol id="sm-680">
         <name>__mspabi_srll_1</name>
         <value>0x96c2</value>
         <object_component_ref idref="oc-29c"/>
      </symbol>
      <symbol id="sm-681">
         <name>__mspabi_srll_15</name>
         <value>0x968a</value>
         <object_component_ref idref="oc-29c"/>
      </symbol>
      <symbol id="sm-682">
         <name>__mspabi_srll_14</name>
         <value>0x968e</value>
         <object_component_ref idref="oc-29c"/>
      </symbol>
      <symbol id="sm-683">
         <name>__mspabi_srll_13</name>
         <value>0x9692</value>
         <object_component_ref idref="oc-29c"/>
      </symbol>
      <symbol id="sm-684">
         <name>__mspabi_srll_12</name>
         <value>0x9696</value>
         <object_component_ref idref="oc-29c"/>
      </symbol>
      <symbol id="sm-685">
         <name>__mspabi_srll_11</name>
         <value>0x969a</value>
         <object_component_ref idref="oc-29c"/>
      </symbol>
      <symbol id="sm-686">
         <name>__mspabi_srll_10</name>
         <value>0x969e</value>
         <object_component_ref idref="oc-29c"/>
      </symbol>
      <symbol id="sm-687">
         <name>__mspabi_srll</name>
         <value>0x99ee</value>
         <object_component_ref idref="oc-24d"/>
      </symbol>
      <symbol id="sm-6a8">
         <name>__mspabi_mpyd</name>
         <value>0x85ba</value>
         <object_component_ref idref="oc-211"/>
      </symbol>
      <symbol id="sm-6b0">
         <name>__mspabi_mpyi_f5hw</name>
         <value>0x9982</value>
         <object_component_ref idref="oc-255"/>
      </symbol>
      <symbol id="sm-6b8">
         <name>__mspabi_mpyl_f5hw</name>
         <value>0x98b2</value>
         <object_component_ref idref="oc-17f"/>
      </symbol>
      <symbol id="sm-6c1">
         <name>_system_pre_init</name>
         <value>0x9a4a</value>
         <object_component_ref idref="oc-9d"/>
      </symbol>
      <symbol id="sm-6d5">
         <name>__TI_renormd</name>
         <value>0x8fe2</value>
         <object_component_ref idref="oc-2b3"/>
      </symbol>
      <symbol id="sm-6e7">
         <name>__mspabi_sral</name>
         <value>0x99ce</value>
         <object_component_ref idref="oc-2ae"/>
      </symbol>
      <symbol id="sm-6e8">
         <name>__mspabi_sral_15</name>
         <value>0x960e</value>
         <object_component_ref idref="oc-2a5"/>
      </symbol>
      <symbol id="sm-6e9">
         <name>__mspabi_sral_14</name>
         <value>0x9612</value>
         <object_component_ref idref="oc-2a5"/>
      </symbol>
      <symbol id="sm-6ea">
         <name>__mspabi_sral_13</name>
         <value>0x9616</value>
         <object_component_ref idref="oc-2a5"/>
      </symbol>
      <symbol id="sm-6eb">
         <name>__mspabi_sral_12</name>
         <value>0x961a</value>
         <object_component_ref idref="oc-2a5"/>
      </symbol>
      <symbol id="sm-6ec">
         <name>__mspabi_sral_11</name>
         <value>0x961e</value>
         <object_component_ref idref="oc-2a5"/>
      </symbol>
      <symbol id="sm-6ed">
         <name>__mspabi_sral_10</name>
         <value>0x9622</value>
         <object_component_ref idref="oc-2a5"/>
      </symbol>
      <symbol id="sm-6ee">
         <name>__mspabi_sral_8</name>
         <value>0x962a</value>
         <object_component_ref idref="oc-2a5"/>
      </symbol>
      <symbol id="sm-6ef">
         <name>__mspabi_sral_9</name>
         <value>0x9626</value>
         <object_component_ref idref="oc-2a5"/>
      </symbol>
      <symbol id="sm-6f0">
         <name>__mspabi_sral_6</name>
         <value>0x9632</value>
         <object_component_ref idref="oc-2a5"/>
      </symbol>
      <symbol id="sm-6f1">
         <name>__mspabi_sral_7</name>
         <value>0x962e</value>
         <object_component_ref idref="oc-2a5"/>
      </symbol>
      <symbol id="sm-6f2">
         <name>__mspabi_sral_4</name>
         <value>0x963a</value>
         <object_component_ref idref="oc-2a5"/>
      </symbol>
      <symbol id="sm-6f3">
         <name>__mspabi_sral_5</name>
         <value>0x9636</value>
         <object_component_ref idref="oc-2a5"/>
      </symbol>
      <symbol id="sm-6f4">
         <name>__mspabi_sral_2</name>
         <value>0x9642</value>
         <object_component_ref idref="oc-2a5"/>
      </symbol>
      <symbol id="sm-6f5">
         <name>__mspabi_sral_3</name>
         <value>0x963e</value>
         <object_component_ref idref="oc-2a5"/>
      </symbol>
      <symbol id="sm-6f6">
         <name>__mspabi_sral_1</name>
         <value>0x9646</value>
         <object_component_ref idref="oc-2a5"/>
      </symbol>
      <symbol id="sm-70c">
         <name>_auto_init_hold_wdt</name>
         <value>0x9122</value>
         <object_component_ref idref="oc-a3"/>
      </symbol>
      <symbol id="sm-71d">
         <name>__TI_frcmpyd</name>
         <value>0x8000</value>
         <object_component_ref idref="oc-263"/>
      </symbol>
      <symbol id="sm-71e">
         <name>__TI_exit</name>
         <value>0x1</value>
      </symbol>
      <symbol id="sm-71f">
         <name>__TI_args_main</name>
         <value>0x1</value>
      </symbol>
      <symbol id="sm-720">
         <name>__TI_INITARRAY_Base</name>
         <value>0x0</value>
      </symbol>
      <symbol id="sm-721">
         <name>__TI_INITARRAY_Limit</name>
         <value>0x0</value>
      </symbol>
   </symbol_table>
   <title>Link successful</title>
</link_info>
